// Jest Snapshot v1, https://goo.gl/fbAQLP

exports[`base app test should render 1`] = `
Object {
  "asFragment": [Function],
  "baseElement": <body>
    <div>
      <div
        class="App"
      >
        <main
          class="App__wrapper"
        >
          <header
            class="header"
          >
            <button
              class="icon icon-arrow header__button"
            />
            <h1>
              Phone catalog
            </h1>
            <button
              class="icon icon-plus header__button"
            />
          </header>
          <article
            class="phone-container__wrapper"
          >
            <h2>
               Phone List
            </h2>
            <div
              class="phone-container"
            />
            <button
              class="icon icon-arrow back-to-top "
            />
          </article>
        </main>
      </div>
    </div>
  </body>,
  "container": <div>
    <div
      class="App"
    >
      <main
        class="App__wrapper"
      >
        <header
          class="header"
        >
          <button
            class="icon icon-arrow header__button"
          />
          <h1>
            Phone catalog
          </h1>
          <button
            class="icon icon-plus header__button"
          />
        </header>
        <article
          class="phone-container__wrapper"
        >
          <h2>
             Phone List
          </h2>
          <div
            class="phone-container"
          />
          <button
            class="icon icon-arrow back-to-top "
          />
        </article>
      </main>
    </div>
  </div>,
  "debug": [Function],
  "findAllByAltText": [Function],
  "findAllByDisplayValue": [Function],
  "findAllByLabelText": [Function],
  "findAllByPlaceholderText": [Function],
  "findAllByRole": [Function],
  "findAllByTestId": [Function],
  "findAllByText": [Function],
  "findAllByTitle": [Function],
  "findByAltText": [Function],
  "findByDisplayValue": [Function],
  "findByLabelText": [Function],
  "findByPlaceholderText": [Function],
  "findByRole": [Function],
  "findByTestId": [Function],
  "findByText": [Function],
  "findByTitle": [Function],
  "getAllByAltText": [Function],
  "getAllByDisplayValue": [Function],
  "getAllByLabelText": [Function],
  "getAllByPlaceholderText": [Function],
  "getAllByRole": [Function],
  "getAllByTestId": [Function],
  "getAllByText": [Function],
  "getAllByTitle": [Function],
  "getByAltText": [Function],
  "getByDisplayValue": [Function],
  "getByLabelText": [Function],
  "getByPlaceholderText": [Function],
  "getByRole": [Function],
  "getByTestId": [Function],
  "getByText": [Function],
  "getByTitle": [Function],
  "queryAllByAltText": [Function],
  "queryAllByDisplayValue": [Function],
  "queryAllByLabelText": [Function],
  "queryAllByPlaceholderText": [Function],
  "queryAllByRole": [Function],
  "queryAllByTestId": [Function],
  "queryAllByText": [Function],
  "queryAllByTitle": [Function],
  "queryByAltText": [Function],
  "queryByDisplayValue": [Function],
  "queryByLabelText": [Function],
  "queryByPlaceholderText": [Function],
  "queryByRole": [Function],
  "queryByTestId": [Function],
  "queryByText": [Function],
  "queryByTitle": [Function],
  "rerender": [Function],
  "unmount": [Function],
}
`;
